
> web-app@1.0.0 start
> webpack serve --mode development

<i> [webpack-dev-server] Project is running at:
<i> [webpack-dev-server] Loopback: http://localhost:12000/, http://[::1]:12000/
<i> [webpack-dev-server] On Your Network (IPv4): http://10.2.25.14:12000/
<i> [webpack-dev-server] Content not from webpack is served from '/workspace/SANATANA-DHARM/web-app/public' directory
<i> [webpack-dev-server] 404s will fallback to '/index.html'
asset bundle.js 2.1 MiB [emitted] (name: main)
asset index.html 607 bytes [emitted]
runtime modules 26.3 KiB 12 modules
orphan modules 13.3 KiB [orphan] 4 modules
modules by path ./node_modules/ 1.74 MiB 82 modules
modules by path ./src/ 115 KiB
  modules by path ./src/pages/*.js 61 KiB 7 modules
  modules by path ./src/store/*.js 37.6 KiB 4 modules
  modules by path ./src/components/*.js 5.36 KiB 3 modules
  modules by path ./src/*.js 2.52 KiB
    ./src/index.js 273 bytes [built] [code generated]
    ./src/App.js 2.25 KiB [built] [code generated]
  ./src/services/api.js 8.04 KiB [built] [code generated]
webpack 5.99.9 compiled successfully in 1869 ms
Error: Can't set headers after they are sent.
    at SendStream.headersAlreadySent (/workspace/SANATANA-DHARM/web-app/node_modules/send/index.js:386:13)
    at SendStream.send (/workspace/SANATANA-DHARM/web-app/node_modules/send/index.js:612:10)
    at /workspace/SANATANA-DHARM/web-app/node_modules/send/index.js:769:12
    at FSReqCallback.oncomplete (node:fs:199:5)
assets by status 607 bytes [cached] 1 asset
assets by path *.js 2.13 MiB
  asset bundle.js 2.11 MiB [emitted] (name: main)
  asset main.8af6cfd10777ab404142.hot-update.js 19.5 KiB [emitted] [immutable] [hmr] (name: main)
asset main.8af6cfd10777ab404142.hot-update.json 28 bytes [emitted] [immutable] [hmr]
Entrypoint main 2.13 MiB = bundle.js 2.11 MiB main.8af6cfd10777ab404142.hot-update.js 19.5 KiB
cached modules 1.87 MiB [cached] 102 modules
runtime modules 26.3 KiB 12 modules
javascript modules 15 KiB
  ./src/store/index.js 577 bytes [built] [code generated]
  ./src/store/channelSlice.js 14.4 KiB [built] [code generated]

WARNING in ./src/store/channelSlice.js 18:17-31
export 'apiService' (imported as 'apiService') was not found in '../services/api' (possible exports: adminAPI, authAPI, default, testAPI, userAPI)
 @ ./src/store/index.js 5:0-44 11:14-28
 @ ./src/App.js 4:0-28 19:11-16
 @ ./src/index.js 3:0-24 5:102-105

WARNING in ./src/store/channelSlice.js 42:17-32
export 'apiService' (imported as 'apiService') was not found in '../services/api' (possible exports: adminAPI, authAPI, default, testAPI, userAPI)
 @ ./src/store/index.js 5:0-44 11:14-28
 @ ./src/App.js 4:0-28 19:11-16
 @ ./src/index.js 3:0-24 5:102-105

WARNING in ./src/store/channelSlice.js 66:17-32
export 'apiService' (imported as 'apiService') was not found in '../services/api' (possible exports: adminAPI, authAPI, default, testAPI, userAPI)
 @ ./src/store/index.js 5:0-44 11:14-28
 @ ./src/App.js 4:0-28 19:11-16
 @ ./src/index.js 3:0-24 5:102-105

WARNING in ./src/store/channelSlice.js 90:17-32
export 'apiService' (imported as 'apiService') was not found in '../services/api' (possible exports: adminAPI, authAPI, default, testAPI, userAPI)
 @ ./src/store/index.js 5:0-44 11:14-28
 @ ./src/App.js 4:0-28 19:11-16
 @ ./src/index.js 3:0-24 5:102-105

WARNING in ./src/store/channelSlice.js 116:17-31
export 'apiService' (imported as 'apiService') was not found in '../services/api' (possible exports: adminAPI, authAPI, default, testAPI, userAPI)
 @ ./src/store/index.js 5:0-44 11:14-28
 @ ./src/App.js 4:0-28 19:11-16
 @ ./src/index.js 3:0-24 5:102-105

WARNING in ./src/store/channelSlice.js 144:17-32
export 'apiService' (imported as 'apiService') was not found in '../services/api' (possible exports: adminAPI, authAPI, default, testAPI, userAPI)
 @ ./src/store/index.js 5:0-44 11:14-28
 @ ./src/App.js 4:0-28 19:11-16
 @ ./src/index.js 3:0-24 5:102-105

webpack 5.99.9 compiled with 6 warnings in 234 ms
assets by status 607 bytes [cached] 1 asset
assets by path *.js 2.17 MiB
  asset bundle.js 2.14 MiB [emitted] (name: main)
  asset main.90fdf0d4b1dcb2ce747a.hot-update.js 33.1 KiB [emitted] [immutable] [hmr] (name: main)
asset main.90fdf0d4b1dcb2ce747a.hot-update.json 28 bytes [emitted] [immutable] [hmr]
Entrypoint main 2.17 MiB = bundle.js 2.14 MiB main.90fdf0d4b1dcb2ce747a.hot-update.js 33.1 KiB
cached modules 1.88 MiB [cached] 103 modules
runtime modules 26.3 KiB 12 modules
javascript modules 25.1 KiB
  ./src/components/Layout.js 5.02 KiB [built] [code generated]
  ./src/components/Sidebar.js 20.1 KiB [built] [code generated]

WARNING in ./src/components/Sidebar.js 105:13-19
export 'logout' (imported as 'logout') was not found in '../store/authSlice' (possible exports: clearError, clearMessage, default, forgotPassword, loginUser, logoutUser, registerUser, resetPassword, setCredentials, verifyEmail)
 @ ./src/components/Layout.js 9:0-32 23:38-45
 @ ./src/pages/Dashboard.js 4:0-42 87:44-50 90:44-50 94:42-48
 @ ./src/App.js 15:0-42 39:101-110
 @ ./src/index.js 3:0-24 5:102-105

WARNING in ./src/store/channelSlice.js 18:17-31
export 'apiService' (imported as 'apiService') was not found in '../services/api' (possible exports: adminAPI, authAPI, default, testAPI, userAPI)
 @ ./src/store/index.js 5:0-44 11:14-28
 @ ./src/App.js 4:0-28 19:11-16
 @ ./src/index.js 3:0-24 5:102-105

WARNING in ./src/store/channelSlice.js 42:17-32
export 'apiService' (imported as 'apiService') was not found in '../services/api' (possible exports: adminAPI, authAPI, default, testAPI, userAPI)
 @ ./src/store/index.js 5:0-44 11:14-28
 @ ./src/App.js 4:0-28 19:11-16
 @ ./src/index.js 3:0-24 5:102-105

WARNING in ./src/store/channelSlice.js 66:17-32
export 'apiService' (imported as 'apiService') was not found in '../services/api' (possible exports: adminAPI, authAPI, default, testAPI, userAPI)
 @ ./src/store/index.js 5:0-44 11:14-28
 @ ./src/App.js 4:0-28 19:11-16
 @ ./src/index.js 3:0-24 5:102-105

WARNING in ./src/store/channelSlice.js 90:17-32
export 'apiService' (imported as 'apiService') was not found in '../services/api' (possible exports: adminAPI, authAPI, default, testAPI, userAPI)
 @ ./src/store/index.js 5:0-44 11:14-28
 @ ./src/App.js 4:0-28 19:11-16
 @ ./src/index.js 3:0-24 5:102-105

WARNING in ./src/store/channelSlice.js 116:17-31
export 'apiService' (imported as 'apiService') was not found in '../services/api' (possible exports: adminAPI, authAPI, default, testAPI, userAPI)
 @ ./src/store/index.js 5:0-44 11:14-28
 @ ./src/App.js 4:0-28 19:11-16
 @ ./src/index.js 3:0-24 5:102-105

WARNING in ./src/store/channelSlice.js 144:17-32
export 'apiService' (imported as 'apiService') was not found in '../services/api' (possible exports: adminAPI, authAPI, default, testAPI, userAPI)
 @ ./src/store/index.js 5:0-44 11:14-28
 @ ./src/App.js 4:0-28 19:11-16
 @ ./src/index.js 3:0-24 5:102-105

webpack 5.99.9 compiled with 7 warnings in 216 ms
assets by status 607 bytes [cached] 1 asset
assets by path *.js 2.19 MiB
  asset bundle.js 2.16 MiB [emitted] (name: main)
  asset main.557828edf5ac6832a9cd.hot-update.js 31.8 KiB [emitted] [immutable] [hmr] (name: main)
asset main.557828edf5ac6832a9cd.hot-update.json 28 bytes [emitted] [immutable] [hmr]
Entrypoint main 2.19 MiB = bundle.js 2.16 MiB main.557828edf5ac6832a9cd.hot-update.js 31.8 KiB
cached modules 1.9 MiB [cached] 104 modules
runtime modules 26.3 KiB 12 modules
javascript modules 22.1 KiB
  ./src/App.js 2.29 KiB [built] [code generated]
  ./src/pages/Channel.js 19.8 KiB [built] [code generated]

WARNING in ./src/components/Sidebar.js 105:13-19
export 'logout' (imported as 'logout') was not found in '../store/authSlice' (possible exports: clearError, clearMessage, default, forgotPassword, loginUser, logoutUser, registerUser, resetPassword, setCredentials, verifyEmail)
 @ ./src/components/Layout.js 9:0-32 23:38-45
 @ ./src/pages/Dashboard.js 4:0-42 87:44-50 90:44-50 94:42-48
 @ ./src/App.js 15:0-42 40:101-110
 @ ./src/index.js 3:0-24 5:102-105

WARNING in ./src/store/channelSlice.js 18:17-31
export 'apiService' (imported as 'apiService') was not found in '../services/api' (possible exports: adminAPI, authAPI, default, testAPI, userAPI)
 @ ./src/store/index.js 5:0-44 11:14-28
 @ ./src/App.js 4:0-28 20:11-16
 @ ./src/index.js 3:0-24 5:102-105

WARNING in ./src/store/channelSlice.js 42:17-32
export 'apiService' (imported as 'apiService') was not found in '../services/api' (possible exports: adminAPI, authAPI, default, testAPI, userAPI)
 @ ./src/store/index.js 5:0-44 11:14-28
 @ ./src/App.js 4:0-28 20:11-16
 @ ./src/index.js 3:0-24 5:102-105

WARNING in ./src/store/channelSlice.js 66:17-32
export 'apiService' (imported as 'apiService') was not found in '../services/api' (possible exports: adminAPI, authAPI, default, testAPI, userAPI)
 @ ./src/store/index.js 5:0-44 11:14-28
 @ ./src/App.js 4:0-28 20:11-16
 @ ./src/index.js 3:0-24 5:102-105

WARNING in ./src/store/channelSlice.js 90:17-32
export 'apiService' (imported as 'apiService') was not found in '../services/api' (possible exports: adminAPI, authAPI, default, testAPI, userAPI)
 @ ./src/store/index.js 5:0-44 11:14-28
 @ ./src/App.js 4:0-28 20:11-16
 @ ./src/index.js 3:0-24 5:102-105

WARNING in ./src/store/channelSlice.js 116:17-31
export 'apiService' (imported as 'apiService') was not found in '../services/api' (possible exports: adminAPI, authAPI, default, testAPI, userAPI)
 @ ./src/store/index.js 5:0-44 11:14-28
 @ ./src/App.js 4:0-28 20:11-16
 @ ./src/index.js 3:0-24 5:102-105

WARNING in ./src/store/channelSlice.js 144:17-32
export 'apiService' (imported as 'apiService') was not found in '../services/api' (possible exports: adminAPI, authAPI, default, testAPI, userAPI)
 @ ./src/store/index.js 5:0-44 11:14-28
 @ ./src/App.js 4:0-28 20:11-16
 @ ./src/index.js 3:0-24 5:102-105

webpack 5.99.9 compiled with 7 warnings in 257 ms
assets by status 607 bytes [cached] 1 asset
assets by path *.js 2.17 MiB
  asset bundle.js 2.16 MiB [emitted] (name: main)
  asset main.f1b6cfe92b78bfbd8b15.hot-update.js 7.74 KiB [emitted] [immutable] [hmr] (name: main)
asset main.f1b6cfe92b78bfbd8b15.hot-update.json 28 bytes [emitted] [immutable] [hmr]
Entrypoint main 2.17 MiB = bundle.js 2.16 MiB main.f1b6cfe92b78bfbd8b15.hot-update.js 7.74 KiB
cached modules 1.92 MiB [cached] 105 modules
runtime modules 26.3 KiB 12 modules
./src/App.js 2.49 KiB [built] [code generated]

WARNING in ./src/components/Sidebar.js 105:13-19
export 'logout' (imported as 'logout') was not found in '../store/authSlice' (possible exports: clearError, clearMessage, default, forgotPassword, loginUser, logoutUser, registerUser, resetPassword, setCredentials, verifyEmail)
 @ ./src/components/Layout.js 9:0-32 23:38-45
 @ ./src/pages/Dashboard.js 4:0-42 87:44-50 90:44-50 94:42-48
 @ ./src/App.js 15:0-42 40:101-110
 @ ./src/index.js 3:0-24 5:102-105

WARNING in ./src/store/channelSlice.js 18:17-31
export 'apiService' (imported as 'apiService') was not found in '../services/api' (possible exports: adminAPI, authAPI, default, testAPI, userAPI)
 @ ./src/store/index.js 5:0-44 11:14-28
 @ ./src/App.js 4:0-28 20:11-16
 @ ./src/index.js 3:0-24 5:102-105

WARNING in ./src/store/channelSlice.js 42:17-32
export 'apiService' (imported as 'apiService') was not found in '../services/api' (possible exports: adminAPI, authAPI, default, testAPI, userAPI)
 @ ./src/store/index.js 5:0-44 11:14-28
 @ ./src/App.js 4:0-28 20:11-16
 @ ./src/index.js 3:0-24 5:102-105

WARNING in ./src/store/channelSlice.js 66:17-32
export 'apiService' (imported as 'apiService') was not found in '../services/api' (possible exports: adminAPI, authAPI, default, testAPI, userAPI)
 @ ./src/store/index.js 5:0-44 11:14-28
 @ ./src/App.js 4:0-28 20:11-16
 @ ./src/index.js 3:0-24 5:102-105

WARNING in ./src/store/channelSlice.js 90:17-32
export 'apiService' (imported as 'apiService') was not found in '../services/api' (possible exports: adminAPI, authAPI, default, testAPI, userAPI)
 @ ./src/store/index.js 5:0-44 11:14-28
 @ ./src/App.js 4:0-28 20:11-16
 @ ./src/index.js 3:0-24 5:102-105

WARNING in ./src/store/channelSlice.js 116:17-31
export 'apiService' (imported as 'apiService') was not found in '../services/api' (possible exports: adminAPI, authAPI, default, testAPI, userAPI)
 @ ./src/store/index.js 5:0-44 11:14-28
 @ ./src/App.js 4:0-28 20:11-16
 @ ./src/index.js 3:0-24 5:102-105

WARNING in ./src/store/channelSlice.js 144:17-32
export 'apiService' (imported as 'apiService') was not found in '../services/api' (possible exports: adminAPI, authAPI, default, testAPI, userAPI)
 @ ./src/store/index.js 5:0-44 11:14-28
 @ ./src/App.js 4:0-28 20:11-16
 @ ./src/index.js 3:0-24 5:102-105

webpack 5.99.9 compiled with 7 warnings in 51 ms
assets by status 607 bytes [cached] 1 asset
assets by path *.js 2.18 MiB
  asset bundle.js 2.16 MiB [emitted] (name: main)
  asset main.e37e3c63635e59672f8e.hot-update.js 13.5 KiB [emitted] [immutable] [hmr] (name: main)
asset main.e37e3c63635e59672f8e.hot-update.json 28 bytes [emitted] [immutable] [hmr]
Entrypoint main 2.18 MiB = bundle.js 2.16 MiB main.e37e3c63635e59672f8e.hot-update.js 13.5 KiB
cached modules 1.91 MiB [cached] 105 modules
runtime modules 26.3 KiB 12 modules
./src/pages/Dashboard.js 8.3 KiB [built] [code generated]

WARNING in ./src/components/Sidebar.js 105:13-19
export 'logout' (imported as 'logout') was not found in '../store/authSlice' (possible exports: clearError, clearMessage, default, forgotPassword, loginUser, logoutUser, registerUser, resetPassword, setCredentials, verifyEmail)
 @ ./src/components/Layout.js 9:0-32 23:38-45
 @ ./src/pages/AdminDashboard.js 16:0-42 179:44-50 293:42-48
 @ ./src/App.js 16:0-52 45:40-54
 @ ./src/index.js 3:0-24 5:102-105

WARNING in ./src/store/channelSlice.js 18:17-31
export 'apiService' (imported as 'apiService') was not found in '../services/api' (possible exports: adminAPI, authAPI, default, testAPI, userAPI)
 @ ./src/store/index.js 5:0-44 11:14-28
 @ ./src/App.js 4:0-28 20:11-16
 @ ./src/index.js 3:0-24 5:102-105

WARNING in ./src/store/channelSlice.js 42:17-32
export 'apiService' (imported as 'apiService') was not found in '../services/api' (possible exports: adminAPI, authAPI, default, testAPI, userAPI)
 @ ./src/store/index.js 5:0-44 11:14-28
 @ ./src/App.js 4:0-28 20:11-16
 @ ./src/index.js 3:0-24 5:102-105

WARNING in ./src/store/channelSlice.js 66:17-32
export 'apiService' (imported as 'apiService') was not found in '../services/api' (possible exports: adminAPI, authAPI, default, testAPI, userAPI)
 @ ./src/store/index.js 5:0-44 11:14-28
 @ ./src/App.js 4:0-28 20:11-16
 @ ./src/index.js 3:0-24 5:102-105

WARNING in ./src/store/channelSlice.js 90:17-32
export 'apiService' (imported as 'apiService') was not found in '../services/api' (possible exports: adminAPI, authAPI, default, testAPI, userAPI)
 @ ./src/store/index.js 5:0-44 11:14-28
 @ ./src/App.js 4:0-28 20:11-16
 @ ./src/index.js 3:0-24 5:102-105

WARNING in ./src/store/channelSlice.js 116:17-31
export 'apiService' (imported as 'apiService') was not found in '../services/api' (possible exports: adminAPI, authAPI, default, testAPI, userAPI)
 @ ./src/store/index.js 5:0-44 11:14-28
 @ ./src/App.js 4:0-28 20:11-16
 @ ./src/index.js 3:0-24 5:102-105

WARNING in ./src/store/channelSlice.js 144:17-32
export 'apiService' (imported as 'apiService') was not found in '../services/api' (possible exports: adminAPI, authAPI, default, testAPI, userAPI)
 @ ./src/store/index.js 5:0-44 11:14-28
 @ ./src/App.js 4:0-28 20:11-16
 @ ./src/index.js 3:0-24 5:102-105

webpack 5.99.9 compiled with 7 warnings in 78 ms
assets by status 607 bytes [cached] 1 asset
assets by path *.js 2.16 MiB
  asset bundle.js 2.15 MiB [emitted] (name: main)
  asset main.3052f84cacc1f1b82fe4.hot-update.js 7.83 KiB [emitted] [immutable] [hmr] (name: main)
asset main.3052f84cacc1f1b82fe4.hot-update.json 54 bytes [emitted] [immutable] [hmr]
Entrypoint main 2.16 MiB = bundle.js 2.15 MiB main.3052f84cacc1f1b82fe4.hot-update.js 7.83 KiB
cached modules 1.91 MiB [cached] 104 modules
runtime modules 26.3 KiB 12 modules
./src/App.js 2.49 KiB [code generated]

WARNING in ./src/components/Sidebar.js 105:13-19
export 'logout' (imported as 'logout') was not found in '../store/authSlice' (possible exports: clearError, clearMessage, default, forgotPassword, loginUser, logoutUser, registerUser, resetPassword, setCredentials, verifyEmail)
 @ ./src/components/Layout.js 9:0-32 23:38-45
 @ ./src/pages/AdminDashboard.js 16:0-42 179:44-50 293:42-48
 @ ./src/App.js 16:0-52 45:40-54
 @ ./src/index.js 3:0-24 5:102-105

WARNING in ./src/store/channelSlice.js 18:17-31
export 'apiService' (imported as 'apiService') was not found in '../services/api' (possible exports: adminAPI, authAPI, default, testAPI, userAPI)
 @ ./src/store/index.js 5:0-44 11:14-28
 @ ./src/App.js 4:0-28 20:11-16
 @ ./src/index.js 3:0-24 5:102-105

WARNING in ./src/store/channelSlice.js 42:17-32
export 'apiService' (imported as 'apiService') was not found in '../services/api' (possible exports: adminAPI, authAPI, default, testAPI, userAPI)
 @ ./src/store/index.js 5:0-44 11:14-28
 @ ./src/App.js 4:0-28 20:11-16
 @ ./src/index.js 3:0-24 5:102-105

WARNING in ./src/store/channelSlice.js 66:17-32
export 'apiService' (imported as 'apiService') was not found in '../services/api' (possible exports: adminAPI, authAPI, default, testAPI, userAPI)
 @ ./src/store/index.js 5:0-44 11:14-28
 @ ./src/App.js 4:0-28 20:11-16
 @ ./src/index.js 3:0-24 5:102-105

WARNING in ./src/store/channelSlice.js 90:17-32
export 'apiService' (imported as 'apiService') was not found in '../services/api' (possible exports: adminAPI, authAPI, default, testAPI, userAPI)
 @ ./src/store/index.js 5:0-44 11:14-28
 @ ./src/App.js 4:0-28 20:11-16
 @ ./src/index.js 3:0-24 5:102-105

WARNING in ./src/store/channelSlice.js 116:17-31
export 'apiService' (imported as 'apiService') was not found in '../services/api' (possible exports: adminAPI, authAPI, default, testAPI, userAPI)
 @ ./src/store/index.js 5:0-44 11:14-28
 @ ./src/App.js 4:0-28 20:11-16
 @ ./src/index.js 3:0-24 5:102-105

WARNING in ./src/store/channelSlice.js 144:17-32
export 'apiService' (imported as 'apiService') was not found in '../services/api' (possible exports: adminAPI, authAPI, default, testAPI, userAPI)
 @ ./src/store/index.js 5:0-44 11:14-28
 @ ./src/App.js 4:0-28 20:11-16
 @ ./src/index.js 3:0-24 5:102-105

ERROR in ./src/App.js 15:0-42
Module not found: Error: Can't resolve './pages/Dashboard' in '/workspace/SANATANA-DHARM/web-app/src'
resolve './pages/Dashboard' in '/workspace/SANATANA-DHARM/web-app/src'
  using description file: /workspace/SANATANA-DHARM/web-app/package.json (relative path: ./src)
    Field 'browser' doesn't contain a valid alias configuration
    using description file: /workspace/SANATANA-DHARM/web-app/package.json (relative path: ./src/pages/Dashboard)
      no extension
        Field 'browser' doesn't contain a valid alias configuration
        /workspace/SANATANA-DHARM/web-app/src/pages/Dashboard doesn't exist
      .js
        Field 'browser' doesn't contain a valid alias configuration
        /workspace/SANATANA-DHARM/web-app/src/pages/Dashboard.js doesn't exist
      .jsx
        Field 'browser' doesn't contain a valid alias configuration
        /workspace/SANATANA-DHARM/web-app/src/pages/Dashboard.jsx doesn't exist
      as directory
        /workspace/SANATANA-DHARM/web-app/src/pages/Dashboard doesn't exist
 @ ./src/index.js 3:0-24 5:102-105

webpack 5.99.9 compiled with 1 error and 7 warnings in 45 ms
assets by status 607 bytes [cached] 1 asset
assets by path *.js 2.19 MiB
  asset bundle.js 2.17 MiB [emitted] (name: main)
  asset main.c81c18145f042dfc4056.hot-update.js 25.4 KiB [emitted] [immutable] [hmr] (name: main)
asset main.c81c18145f042dfc4056.hot-update.json 28 bytes [emitted] [immutable] [hmr]
Entrypoint main 2.19 MiB = bundle.js 2.17 MiB main.c81c18145f042dfc4056.hot-update.js 25.4 KiB
cached modules 1.91 MiB [cached] 104 modules
runtime modules 26.3 KiB 12 modules
javascript modules 14.6 KiB
  ./src/App.js 2.49 KiB [code generated]
  ./src/pages/Dashboard.js 12.1 KiB [built] [code generated]

WARNING in ./src/components/Sidebar.js 105:13-19
export 'logout' (imported as 'logout') was not found in '../store/authSlice' (possible exports: clearError, clearMessage, default, forgotPassword, loginUser, logoutUser, registerUser, resetPassword, setCredentials, verifyEmail)
 @ ./src/components/Layout.js 9:0-32 23:38-45
 @ ./src/pages/AdminDashboard.js 16:0-42 179:44-50 293:42-48
 @ ./src/App.js 16:0-52 45:40-54
 @ ./src/index.js 3:0-24 5:102-105

WARNING in ./src/store/channelSlice.js 18:17-31
export 'apiService' (imported as 'apiService') was not found in '../services/api' (possible exports: adminAPI, authAPI, default, testAPI, userAPI)
 @ ./src/store/index.js 5:0-44 11:14-28
 @ ./src/App.js 4:0-28 20:11-16
 @ ./src/index.js 3:0-24 5:102-105

WARNING in ./src/store/channelSlice.js 42:17-32
export 'apiService' (imported as 'apiService') was not found in '../services/api' (possible exports: adminAPI, authAPI, default, testAPI, userAPI)
 @ ./src/store/index.js 5:0-44 11:14-28
 @ ./src/App.js 4:0-28 20:11-16
 @ ./src/index.js 3:0-24 5:102-105

WARNING in ./src/store/channelSlice.js 66:17-32
export 'apiService' (imported as 'apiService') was not found in '../services/api' (possible exports: adminAPI, authAPI, default, testAPI, userAPI)
 @ ./src/store/index.js 5:0-44 11:14-28
 @ ./src/App.js 4:0-28 20:11-16
 @ ./src/index.js 3:0-24 5:102-105

WARNING in ./src/store/channelSlice.js 90:17-32
export 'apiService' (imported as 'apiService') was not found in '../services/api' (possible exports: adminAPI, authAPI, default, testAPI, userAPI)
 @ ./src/store/index.js 5:0-44 11:14-28
 @ ./src/App.js 4:0-28 20:11-16
 @ ./src/index.js 3:0-24 5:102-105

WARNING in ./src/store/channelSlice.js 116:17-31
export 'apiService' (imported as 'apiService') was not found in '../services/api' (possible exports: adminAPI, authAPI, default, testAPI, userAPI)
 @ ./src/store/index.js 5:0-44 11:14-28
 @ ./src/App.js 4:0-28 20:11-16
 @ ./src/index.js 3:0-24 5:102-105

WARNING in ./src/store/channelSlice.js 144:17-32
export 'apiService' (imported as 'apiService') was not found in '../services/api' (possible exports: adminAPI, authAPI, default, testAPI, userAPI)
 @ ./src/store/index.js 5:0-44 11:14-28
 @ ./src/App.js 4:0-28 20:11-16
 @ ./src/index.js 3:0-24 5:102-105

webpack 5.99.9 compiled with 7 warnings in 153 ms
assets by status 607 bytes [cached] 1 asset
assets by path *.js 2.19 MiB
  asset bundle.js 2.17 MiB [emitted] (name: main)
  asset main.41d65c1a0b130b554625.hot-update.js 26.9 KiB [emitted] [immutable] [hmr] (name: main)
asset main.41d65c1a0b130b554625.hot-update.json 28 bytes [emitted] [immutable] [hmr]
Entrypoint main 2.19 MiB = bundle.js 2.17 MiB main.41d65c1a0b130b554625.hot-update.js 26.9 KiB
cached modules 1.87 MiB [cached] 101 modules
runtime modules 26.3 KiB 12 modules
javascript modules 59.7 KiB
  ./src/store/authSlice.js 14.4 KiB [code generated]
  ./src/store/userSlice.js 7.29 KiB [code generated]
  ./src/store/adminSlice.js 15.4 KiB [code generated]
  ./src/store/channelSlice.js 14.4 KiB [code generated]
  ./src/services/api.js 8.11 KiB [built] [code generated]

WARNING in ./src/components/Sidebar.js 105:13-19
export 'logout' (imported as 'logout') was not found in '../store/authSlice' (possible exports: clearError, clearMessage, default, forgotPassword, loginUser, logoutUser, registerUser, resetPassword, setCredentials, verifyEmail)
 @ ./src/components/Layout.js 9:0-32 23:38-45
 @ ./src/pages/Dashboard.js 6:0-42 86:44-50 90:42-48
 @ ./src/App.js 15:0-42 40:101-110
 @ ./src/index.js 3:0-24 5:102-105

webpack 5.99.9 compiled with 1 warning in 116 ms
assets by status 607 bytes [cached] 1 asset
assets by path *.js 2.19 MiB
  asset bundle.js 2.17 MiB [emitted] (name: main)
  asset main.9ccdf7c8e686e543f0a0.hot-update.js 17.8 KiB [emitted] [immutable] [hmr] (name: main)
asset main.9ccdf7c8e686e543f0a0.hot-update.json 28 bytes [emitted] [immutable] [hmr]
Entrypoint main 2.19 MiB = bundle.js 2.17 MiB main.9ccdf7c8e686e543f0a0.hot-update.js 17.8 KiB
cached modules 1.91 MiB [cached] 105 modules
runtime modules 26.3 KiB 12 modules
./src/store/authSlice.js 14.8 KiB [built] [code generated]

WARNING in ./src/components/Sidebar.js 105:13-19
export 'logout' (imported as 'logout') was not found in '../store/authSlice' (possible exports: clearError, clearMessage, default, forgotPassword, loginUser, logoutUser, registerUser, resetPassword, setCredentials, verifyEmail)
 @ ./src/components/Layout.js 9:0-32 23:38-45
 @ ./src/pages/Dashboard.js 6:0-42 86:44-50 90:42-48
 @ ./src/App.js 15:0-42 40:101-110
 @ ./src/index.js 3:0-24 5:102-105

webpack 5.99.9 compiled with 1 warning in 149 ms
assets by status 607 bytes [cached] 1 asset
assets by path *.js 2.19 MiB
  asset bundle.js 2.17 MiB [emitted] (name: main)
  asset main.4e790783dbcfb2dd5491.hot-update.js 17.9 KiB [emitted] [immutable] [hmr] (name: main)
asset main.4e790783dbcfb2dd5491.hot-update.json 28 bytes [emitted] [immutable] [hmr]
Entrypoint main 2.19 MiB = bundle.js 2.17 MiB main.4e790783dbcfb2dd5491.hot-update.js 17.9 KiB
cached modules 1.85 MiB [cached] 98 modules
runtime modules 26.3 KiB 12 modules
javascript modules 74.4 KiB
  modules by path ./src/pages/*.js 38.9 KiB
    ./src/pages/Login.js 8 KiB [code generated]
    ./src/pages/SignUp.js 10.9 KiB [code generated]
    ./src/pages/ForgotPassword.js 5.84 KiB [code generated]
    ./src/pages/ResetPassword.js 8.17 KiB [code generated]
    ./src/pages/VerifyEmail.js 5.95 KiB [code generated]
  modules by path ./src/store/*.js 15.4 KiB
    ./src/store/index.js 577 bytes [code generated]
    ./src/store/authSlice.js 14.8 KiB [built] [code generated]
  ./src/components/Sidebar.js 20.1 KiB [code generated]
webpack 5.99.9 compiled successfully in 112 ms
<i> [webpack-dev-server] Gracefully shutting down. To force exit, press ^C again. Please wait...
